// Vitest Snapshot v1, https://vitest.dev/guide/snapshot.html

exports[`Prompt > should render as expected 1`] = `
<div>
  <div
    class="font-mono font-normal text-black text-xs uppercase dark:text-white"
  >
    &gt;&gt;&gt;
  </div>
</div>
`;
